Microchip MPLAB XC8 Compiler V2.10 ()

Linker command line:

-W-3 --edf=C:\Program Files (x86)\Microchip\xc8\v2.10\pic\dat\en_msgs.txt \
  -cs -h+dist/default/production\c_bcd_display.X.production.sym \
  --cmf=dist/default/production\c_bcd_display.X.production.cmf -z -Q16F873A \
  -oC:\Users\dougl\AppData\Local\Temp\scgo.2 --defsym=__MPLAB_BUILD=1 \
  -Mdist/default/production/c_bcd_display.X.production.map -E1 -ver=XC8 \
  --acfsm=1493 -ASTACK=0A0h-0FDh -pstack=STACK -ACODE=00h-07FFhx2 \
  -ASTRCODE=00h-0FFFh -ASTRING=00h-0FFhx16 -ACONST=00h-0FFhx16 \
  -AENTRY=00h-0FFhx16 -ABANK0=020h-07Dh -ABANK1=0A0h-0FDh \
  -ARAM=020h-07Dh,0A0h-0FDh -AABS1=020h-07Fh,0A0h-0FFh -ACOMMON=07Eh-07Fh \
  -ASFR0=00h-01Fh -ASFR1=080h-09Fh -ASFR2=0100h-017Dh -ASFR3=0180h-01FDh \
  -preset_vec=00h,intentry,init,end_init -ppowerup=CODE -pcinit=CODE \
  -pfunctab=ENTRY -ACONFIG=02007h-02007h -pconfig=CONFIG -DCONFIG=2 \
  -AIDLOC=02000h-02003h -pidloc=IDLOC -DIDLOC=2 -AEEDATA=00h-07Fh/02100h \
  -peeprom_data=EEDATA -DEEDATA=2 -DCODE=2 -DSTRCODE=2 -DSTRING=2 -DCONST=2 \
  -DENTRY=2 -k C:\Users\dougl\AppData\Local\Temp\scgo.o \
  dist/default/production\c_bcd_display.X.production.o 

Object code version is 3.11

Machine type is 16F873A



                Name                               Link     Load   Length Selector   Space Scale
C:\Users\dougl\AppData\Local\Temp\scgo.o
                end_init                              0        0        2        0       0
                config                             2007     2007        1     400E       0
dist/default/production\c_bcd_display.X.production.o
                cinit                               7FD      7FD        3      FFA       0
                text8                               65B      65B       69      CB6       0
                text7                               600      600       5B      C00       0
                text6                               5BA      5BA       46      B74       0
                text5                               57E      57E       3C      AFC       0
                text4                               540      540        1      A80       0
                text3                               736      736       C7      E6C       0
                text2                               541      541       10      A82       0
                text1                               551      551       2D      AA2       0
                maintext                            6C4      6C4       72      D88       0
                cstackBANK0                          20       20       1F       20       1
                strings                               2        2       43        4       0

TOTAL           Name                               Link     Load   Length     Space
        CLASS   STACK          

        CLASS   CODE           
                end_init                              0        0        2         0
                cinit                               7FD      7FD        3         0
                text8                               65B      65B       69         0
                text7                               600      600       5B         0
                text6                               5BA      5BA       46         0
                text5                               57E      57E       3C         0
                text4                               540      540        1         0
                text3                               736      736       C7         0
                text2                               541      541       10         0
                text1                               551      551       2D         0
                maintext                            6C4      6C4       72         0

        CLASS   STRCODE        

        CLASS   STRING         
                strings                               2        2       43         0

        CLASS   CONST          

        CLASS   ENTRY          

        CLASS   BANK0          
                cstackBANK0                          20       20       1F         1

        CLASS   BANK1          

        CLASS   RAM            

        CLASS   ABS1           
                abs_s1                               7E       7E        2         1

        CLASS   COMMON         

        CLASS   SFR0           

        CLASS   SFR1           

        CLASS   SFR2           

        CLASS   SFR3           

        CLASS   CONFIG         
                config                             2007     2007        1         0

        CLASS   IDLOC          

        CLASS   EEDATA         

        CLASS   BANK3          

        CLASS   BANK2          



SEGMENTS        Name                           Load    Length   Top    Selector   Space  Class     Delta

                reset_vec                      000000  000002  000002         0       0  CODE        2
                strings                        000002  000043  000045         4       0  STRING      2
                cstackBANK0                    000020  00001F  00003F        20       1  BANK0       1
                text4                          000540  000001  000541       A80       0  CODE        2
                text2                          000541  000010  000551       A82       0  CODE        2
                text1                          000551  00002D  00057E       AA2       0  CODE        2
                text5                          00057E  00003C  0005BA       AFC       0  CODE        2
                text6                          0005BA  000046  000600       B74       0  CODE        2
                text7                          000600  00005B  00065B       C00       0  CODE        2
                text8                          00065B  000069  0006C4       CB6       0  CODE        2
                maintext                       0006C4  000072  000736       D88       0  CODE        2
                text3                          000736  0000C7  0007FD       E6C       0  CODE        2
                cinit                          0007FD  000003  000800       FFA       0  CODE        2
                config                         002007  000001  002008      400E       0  CONFIG      2


UNUSED ADDRESS RANGES

        Name                Unused          Largest block    Delta
        BANK0            003F-007D             3F           1
        BANK1            00A0-00FD             5E           1
        CODE             0045-053F            4FB           2
                         0800-0FFF            800
        CONST            0045-053F            100           2
                         0800-0FFF            100
        EEDATA           2100-217F             80           2
        ENTRY            0045-053F            100           2
                         0800-0FFF            100
        IDLOC            2000-2003              4           2
        RAM              003F-007D             3F           1
                         00A0-00FD             5E
        SFR0             0000-001F             20           1
        SFR1             0080-009F             20           1
        SFR2             0100-017D             7E           1
        SFR3             0180-01FD             7E           1
        STACK            00A0-00FD             5E           1
        STRCODE          0045-053F            4FB           2
                         0800-0FFF            800
        STRING           0045-053F            100           2
                         0800-0FFF            100

                                  Symbol Table

?___awdiv                cstackBANK0  0020
?___awmod                cstackBANK0  0020
?___lwdiv                cstackBANK0  0020
?___lwmod                cstackBANK0  0028
?_printf                 cstackBANK0  0020
_ADCON1                  (abs)        009F
_PORTA                   (abs)        0005
_PORTB                   (abs)        0006
_TRISA                   (abs)        0085
_TRISB                   (abs)        0086
__CFG_BOREN$OFF          (abs)        0000
__CFG_CP$OFF             (abs)        0000
__CFG_CPD$OFF            (abs)        0000
__CFG_FOSC$HS            (abs)        0000
__CFG_LVP$ON             (abs)        0000
__CFG_PWRTE$OFF          (abs)        0000
__CFG_WDTE$OFF           (abs)        0000
__CFG_WRT$OFF            (abs)        0000
__Habs1                  abs1         0000
__Hbank0                 bank0        0000
__Hbank1                 bank1        0000
__Hbank2                 bank2        0000
__Hbank3                 bank3        0000
__Hcinit                 cinit        0800
__Hclrtext               clrtext      0000
__Hcode                  code         0000
__Hcommon                common       0000
__Hconfig                config       2008
__HcstackBANK0           cstackBANK0  0000
__HcstackCOMMON          cstackCOMMON 0000
__Heeprom_data           eeprom_data  0000
__Hend_init              end_init     0002
__Hfunctab               functab      0000
__Hidloc                 idloc        0000
__Hinit                  init         0000
__Hintentry              intentry     0000
__Hmaintext              maintext     0000
__Hpowerup               powerup      0000
__Hram                   ram          0000
__Hreset_vec             reset_vec    0000
__Hsfr0                  sfr0         0000
__Hsfr1                  sfr1         0000
__Hsfr2                  sfr2         0000
__Hsfr3                  sfr3         0000
__Hspace_0               (abs)        2008
__Hspace_1               (abs)        003F
__Hspace_2               (abs)        0000
__Hspace_3               (abs)        0000
__Hstack                 stack        0000
__Hstrings               strings      0000
__Htext                  text         0000
__Labs1                  abs1         0000
__Lbank0                 bank0        0000
__Lbank1                 bank1        0000
__Lbank2                 bank2        0000
__Lbank3                 bank3        0000
__Lcinit                 cinit        07FD
__Lclrtext               clrtext      0000
__Lcode                  code         0000
__Lcommon                common       0000
__Lconfig                config       2007
__LcstackBANK0           cstackBANK0  0000
__LcstackCOMMON          cstackCOMMON 0000
__Leeprom_data           eeprom_data  0000
__Lend_init              end_init     0000
__Lfunctab               functab      0000
__Lidloc                 idloc        0000
__Linit                  init         0000
__Lintentry              intentry     0000
__Lmaintext              maintext     0000
__Lpowerup               powerup      0000
__Lram                   ram          0000
__Lreset_vec             reset_vec    0000
__Lsfr0                  sfr0         0000
__Lsfr1                  sfr1         0000
__Lsfr2                  sfr2         0000
__Lsfr3                  sfr3         0000
__Lspace_0               (abs)        0000
__Lspace_1               (abs)        0000
__Lspace_2               (abs)        0000
__Lspace_3               (abs)        0000
__Lstack                 stack        0000
__Lstrings               strings      0000
__Ltext                  text         0000
__S0                     (abs)        2008
__S1                     (abs)        003F
__S2                     (abs)        0000
__S3                     (abs)        0000
___awdiv                 text8        065B
___awdiv@counter         cstackBANK0  0025
___awdiv@dividend        cstackBANK0  0022
___awdiv@divisor         cstackBANK0  0020
___awdiv@quotient        cstackBANK0  0027
___awdiv@sign            cstackBANK0  0026
___awmod                 text7        0600
___awmod@counter         cstackBANK0  0025
___awmod@dividend        cstackBANK0  0022
___awmod@divisor         cstackBANK0  0020
___awmod@sign            cstackBANK0  0026
___int_sp                stack        0000
___latbits               (abs)        0001
___lwdiv                 text6        05BA
___lwdiv@counter         cstackBANK0  0027
___lwdiv@dividend        cstackBANK0  0022
___lwdiv@divisor         cstackBANK0  0020
___lwdiv@quotient        cstackBANK0  0025
___lwmod                 text5        057E
___lwmod@counter         cstackBANK0  002D
___lwmod@dividend        cstackBANK0  002A
___lwmod@divisor         cstackBANK0  0028
___sp                    stack        0000
___stackhi               (abs)        0000
___stacklo               (abs)        0000
__end_of___awdiv         text8        06C4
__end_of___awmod         text7        065B
__end_of___lwdiv         text6        0600
__end_of___lwmod         text5        05BA
__end_of__initialization cinit        07FD
__end_of__stringtab      strings      0008
__end_of_dpowers         strings      0012
__end_of_main            maintext     0736
__end_of_printf          text3        07FD
__end_of_putch           text4        0541
__end_of_showOutput      text1        057E
__end_of_showPortA       text2        0551
__initialization         cinit        07FD
__pcstackBANK0           cstackBANK0  0020
__pcstackCOMMON          cstackCOMMON 0000
__pmaintext              maintext     06C4
__pstrings               strings      0002
__ptext1                 text1        0551
__ptext2                 text2        0541
__ptext3                 text3        0736
__ptext4                 text4        0540
__ptext5                 text5        057E
__ptext6                 text6        05BA
__ptext7                 text7        0600
__ptext8                 text8        065B
__size_of___awdiv        (abs)        0000
__size_of___awmod        (abs)        0000
__size_of___lwdiv        (abs)        0000
__size_of___lwmod        (abs)        0000
__size_of_main           (abs)        0000
__size_of_printf         (abs)        0000
__size_of_putch          (abs)        0000
__size_of_showOutput     (abs)        0000
__size_of_showPortA      (abs)        0000
__stringbase             strings      0007
__stringtab              strings      0002
_dpowers                 strings      0008
_main                    maintext     06C4
_printf                  text3        0736
_putch                   text4        0540
_showOutput              text1        0551
_showPortA               text2        0541
btemp                    (abs)        007E
end_of_initialization    cinit        07FD
intlevel0                functab      0000
intlevel1                functab      0000
intlevel2                functab      0000
intlevel3                functab      0000
intlevel4                functab      0000
intlevel5                functab      0000
main@hundred             cstackBANK0  003B
main@input               cstackBANK0  003E
main@ten                 cstackBANK0  003C
main@unit                cstackBANK0  003D
printf@ap                cstackBANK0  0031
printf@c                 cstackBANK0  0037
printf@f                 cstackBANK0  0034
printf@flag              cstackBANK0  0032
printf@prec              cstackBANK0  0033
printf@val               cstackBANK0  0035
reset_vec                reset_vec    0000
showOutput@hundred       cstackBANK0  0025
showOutput@i             cstackBANK0  0026
showOutput@ten           cstackBANK0  0023
showOutput@unit          cstackBANK0  0024
showPortA@value          cstackBANK0  0022
start                    init         0000
start_initialization     cinit        07FD
wtemp0                   (abs)        007E


FUNCTION INFORMATION:

 *************** function _main *****************
 Defined at:
		line 55 in file "program.c"
 Parameters:    Size  Location     Type
		None
 Auto vars:     Size  Location     Type
  input           1   30[BANK0 ] unsigned char 
  unit            1   29[BANK0 ] unsigned char 
  ten             1   28[BANK0 ] unsigned char 
  hundred         1   27[BANK0 ] unsigned char 
 Return value:  Size  Location     Type
                  1    wreg      void 
 Registers used:
		wreg, fsr0l, fsr0h, status,2, status,0, btemp+1, pclath, cstack
 Tracked objects:
		On entry : 
		On exit  : 
		Unchanged: 
 Data sizes:     COMMON   BANK0   BANK1
      Params:         0       0       0
      Locals:         0       4       0
      Temps:          0       3       0
      Totals:         0       7       0
Total ram usage:        7 bytes
 Hardware stack levels required when called:    2
 This function calls:
		___awdiv
		___awmod
		_printf
		_showOutput
 This function is called by:
		Startup code after reset
 This function uses a non-reentrant model


 *************** function _showOutput *****************
 Defined at:
		line 43 in file "program.c"
 Parameters:    Size  Location     Type
  hundred         1    wreg     unsigned char 
  ten             1    3[BANK0 ] unsigned char 
  unit            1    4[BANK0 ] unsigned char 
 Auto vars:     Size  Location     Type
  hundred         1    5[BANK0 ] unsigned char 
  i               2    6[BANK0 ] int 
 Return value:  Size  Location     Type
                  1    wreg      void 
 Registers used:
		wreg, status,2, status,0, btemp+1, pclath, cstack
 Tracked objects:
		On entry : 
		On exit  : 
		Unchanged: 
 Data sizes:     COMMON   BANK0   BANK1
      Params:         0       2       0
      Locals:         0       3       0
      Temps:          0       0       0
      Totals:         0       5       0
Total ram usage:        5 bytes
 Hardware stack levels used:    1
 Hardware stack levels required when called:    1
 This function calls:
		_showPortA
 This function is called by:
		_main
 This function uses a non-reentrant model


 *************** function _showPortA *****************
 Defined at:
		line 36 in file "program.c"
 Parameters:    Size  Location     Type
  value           1    wreg     unsigned char 
 Auto vars:     Size  Location     Type
  value           1    2[BANK0 ] unsigned char 
 Return value:  Size  Location     Type
                  1    wreg      void 
 Registers used:
		wreg
 Tracked objects:
		On entry : 
		On exit  : 
		Unchanged: 
 Data sizes:     COMMON   BANK0   BANK1
      Params:         0       0       0
      Locals:         0       1       0
      Temps:          0       2       0
      Totals:         0       3       0
Total ram usage:        3 bytes
 Hardware stack levels used:    1
 This function calls:
		Nothing
 This function is called by:
		_showOutput
 This function uses a non-reentrant model


 *************** function _printf *****************
 Defined at:
		line 477 in file "C:\Program Files (x86)\Microchip\xc8\v2.10\pic\sources\c90\common\doprnt.c"
 Parameters:    Size  Location     Type
  f               1    wreg     PTR const unsigned char 
		 -> STR_1(51), 
 Auto vars:     Size  Location     Type
  f               1   20[BANK0 ] PTR const unsigned char 
		 -> STR_1(51), 
  tmpval          4    0        struct .
  val             2   21[BANK0 ] unsigned int 
  cp              2    0        PTR const unsigned char 
  len             2    0        unsigned int 
  c               1   23[BANK0 ] unsigned char 
  prec            1   19[BANK0 ] char 
  flag            1   18[BANK0 ] unsigned char 
  ap              1   17[BANK0 ] PTR void [1]
		 -> ?_printf(2), 
 Return value:  Size  Location     Type
                  2   14[None  ] int 
 Registers used:
		wreg, fsr0l, fsr0h, status,2, status,0, btemp+1, pclath, cstack
 Tracked objects:
		On entry : 
		On exit  : 
		Unchanged: 
 Data sizes:     COMMON   BANK0   BANK1
      Params:         0       0       0
      Locals:         0       7       0
      Temps:          0       3       0
      Totals:         0      10       0
Total ram usage:       10 bytes
 Hardware stack levels used:    1
 Hardware stack levels required when called:    1
 This function calls:
		___lwdiv
		___lwmod
		_putch
 This function is called by:
		_main
 This function uses a non-reentrant model


 *************** function _putch *****************
 Defined at:
		line 7 in file "C:\Program Files (x86)\Microchip\xc8\v2.10\pic\sources\c90\common\putch.c"
 Parameters:    Size  Location     Type
  c               1    wreg     unsigned char 
 Auto vars:     Size  Location     Type
  c               1    0[BANK0 ] unsigned char 
 Return value:  Size  Location     Type
                  1    wreg      void 
 Registers used:
		wreg
 Tracked objects:
		On entry : 
		On exit  : 
		Unchanged: 
 Data sizes:     COMMON   BANK0   BANK1
      Params:         0       0       0
      Locals:         0       0       0
      Temps:          0       0       0
      Totals:         0       0       0
Total ram usage:        0 bytes
 Hardware stack levels used:    1
 This function calls:
		Nothing
 This function is called by:
		_printf
 This function uses a non-reentrant model


 *************** function ___lwmod *****************
 Defined at:
		line 5 in file "C:\Program Files (x86)\Microchip\xc8\v2.10\pic\sources\c90\common\lwmod.c"
 Parameters:    Size  Location     Type
  divisor         2    8[BANK0 ] unsigned int 
  dividend        2   10[BANK0 ] unsigned int 
 Auto vars:     Size  Location     Type
  counter         1   13[BANK0 ] unsigned char 
 Return value:  Size  Location     Type
                  2    8[BANK0 ] unsigned int 
 Registers used:
		wreg, status,2, status,0
 Tracked objects:
		On entry : 
		On exit  : 
		Unchanged: 
 Data sizes:     COMMON   BANK0   BANK1
      Params:         0       4       0
      Locals:         0       1       0
      Temps:          0       1       0
      Totals:         0       6       0
Total ram usage:        6 bytes
 Hardware stack levels used:    1
 This function calls:
		Nothing
 This function is called by:
		_printf
 This function uses a non-reentrant model


 *************** function ___lwdiv *****************
 Defined at:
		line 5 in file "C:\Program Files (x86)\Microchip\xc8\v2.10\pic\sources\c90\common\lwdiv.c"
 Parameters:    Size  Location     Type
  divisor         2    0[BANK0 ] unsigned int 
  dividend        2    2[BANK0 ] unsigned int 
 Auto vars:     Size  Location     Type
  quotient        2    5[BANK0 ] unsigned int 
  counter         1    7[BANK0 ] unsigned char 
 Return value:  Size  Location     Type
                  2    0[BANK0 ] unsigned int 
 Registers used:
		wreg, status,2, status,0
 Tracked objects:
		On entry : 
		On exit  : 
		Unchanged: 
 Data sizes:     COMMON   BANK0   BANK1
      Params:         0       4       0
      Locals:         0       3       0
      Temps:          0       1       0
      Totals:         0       8       0
Total ram usage:        8 bytes
 Hardware stack levels used:    1
 This function calls:
		Nothing
 This function is called by:
		_printf
 This function uses a non-reentrant model


 *************** function ___awmod *****************
 Defined at:
		line 5 in file "C:\Program Files (x86)\Microchip\xc8\v2.10\pic\sources\c90\common\awmod.c"
 Parameters:    Size  Location     Type
  divisor         2    0[BANK0 ] int 
  dividend        2    2[BANK0 ] int 
 Auto vars:     Size  Location     Type
  sign            1    6[BANK0 ] unsigned char 
  counter         1    5[BANK0 ] unsigned char 
 Return value:  Size  Location     Type
                  2    0[BANK0 ] int 
 Registers used:
		wreg, status,2, status,0
 Tracked objects:
		On entry : 
		On exit  : 
		Unchanged: 
 Data sizes:     COMMON   BANK0   BANK1
      Params:         0       4       0
      Locals:         0       2       0
      Temps:          0       1       0
      Totals:         0       7       0
Total ram usage:        7 bytes
 Hardware stack levels used:    1
 This function calls:
		Nothing
 This function is called by:
		_main
 This function uses a non-reentrant model


 *************** function ___awdiv *****************
 Defined at:
		line 5 in file "C:\Program Files (x86)\Microchip\xc8\v2.10\pic\sources\c90\common\awdiv.c"
 Parameters:    Size  Location     Type
  divisor         2    0[BANK0 ] int 
  dividend        2    2[BANK0 ] int 
 Auto vars:     Size  Location     Type
  quotient        2    7[BANK0 ] int 
  sign            1    6[BANK0 ] unsigned char 
  counter         1    5[BANK0 ] unsigned char 
 Return value:  Size  Location     Type
                  2    0[BANK0 ] int 
 Registers used:
		wreg, status,2, status,0
 Tracked objects:
		On entry : 
		On exit  : 
		Unchanged: 
 Data sizes:     COMMON   BANK0   BANK1
      Params:         0       4       0
      Locals:         0       4       0
      Temps:          0       1       0
      Totals:         0       9       0
Total ram usage:        9 bytes
 Hardware stack levels used:    1
 This function calls:
		Nothing
 This function is called by:
		_main
 This function uses a non-reentrant model



MODULE INFORMATION

Module		Function		Class		Link	Load	Size
C:\Program Files (x86)\Microchip\xc8\v2.10\pic\sources\c90\common\lwdiv.c
		___lwdiv       		CODE           	05BA	0000	71

C:\Program Files (x86)\Microchip\xc8\v2.10\pic\sources\c90\common\lwdiv.c estimated size: 71

C:\Program Files (x86)\Microchip\xc8\v2.10\pic\sources\c90\common\awdiv.c
		___awdiv       		CODE           	065B	0000	106

C:\Program Files (x86)\Microchip\xc8\v2.10\pic\sources\c90\common\awdiv.c estimated size: 106

program.c
		_showOutput    		CODE           	0551	0000	46
		_main          		CODE           	06C4	0000	115
		_showPortA     		CODE           	0541	0000	17

program.c estimated size: 178

shared
		__stringtab    		STRING         	0002	0000	7
		_dpowers       		STRING         	0008	0000	11
		__initialization		CODE           	07FD	0000	1

shared estimated size: 19

C:\Program Files (x86)\Microchip\xc8\v2.10\pic\sources\c90\common\lwmod.c
		___lwmod       		CODE           	057E	0000	61

C:\Program Files (x86)\Microchip\xc8\v2.10\pic\sources\c90\common\lwmod.c estimated size: 61

C:\Program Files (x86)\Microchip\xc8\v2.10\pic\sources\c90\common\awmod.c
		___awmod       		CODE           	0600	0000	92

C:\Program Files (x86)\Microchip\xc8\v2.10\pic\sources\c90\common\awmod.c estimated size: 92

C:\Program Files (x86)\Microchip\xc8\v2.10\pic\sources\c90\common\putch.c
		_putch         		CODE           	0540	0000	2

C:\Program Files (x86)\Microchip\xc8\v2.10\pic\sources\c90\common\putch.c estimated size: 2

C:\Program Files (x86)\Microchip\xc8\v2.10\pic\sources\c90\common\doprnt.c
		_printf        		CODE           	0736	0000	200

C:\Program Files (x86)\Microchip\xc8\v2.10\pic\sources\c90\common\doprnt.c estimated size: 200

