MPLINK 5.09, LINKER
Linker Map File - Created Fri Nov 08 00:15:51 2019

                                 Section Info
                  Section       Type    Address   Location Size(Bytes)
                ---------  ---------  ---------  ---------  ---------
                   .org_0       code   0x000000    program   0x00008c
                   .cinit    romdata   0x000046    program   0x000004
.config_2007_BUILD/DEFAULT/DEBUG/PROGRAM.O       code   0x002007    program   0x000002



                              Program Memory Usage 
                               Start         End      
                           ---------   ---------      
                            0x000000    0x000047      
                            0x002007    0x002007      
            73 out of 4230 program addresses used, program memory utilization is 1%



                              Symbols - Sorted by Name
                     Name    Address   Location    Storage File                     
                ---------  ---------  ---------  --------- ---------                
                   del1ms   0x00002e    program     static C:\Users\dougl\Desktop\PIC16F873A\bcd_displayer.X\program.asm
                    del1s   0x00003e    program     static C:\Users\dougl\Desktop\PIC16F873A\bcd_displayer.X\program.asm
                 delay1ms   0x00002c    program     static C:\Users\dougl\Desktop\PIC16F873A\bcd_displayer.X\program.asm
                  delay1s   0x00003c    program     static C:\Users\dougl\Desktop\PIC16F873A\bcd_displayer.X\program.asm
                  delay2s   0x000043    program     static C:\Users\dougl\Desktop\PIC16F873A\bcd_displayer.X\program.asm
                 delay5ms   0x000036    program     static C:\Users\dougl\Desktop\PIC16F873A\bcd_displayer.X\program.asm
                      doz   0x000018    program     static C:\Users\dougl\Desktop\PIC16F873A\bcd_displayer.X\program.asm
                     hund   0x000010    program     static C:\Users\dougl\Desktop\PIC16F873A\bcd_displayer.X\program.asm
                     init   0x000009    program     static C:\Users\dougl\Desktop\PIC16F873A\bcd_displayer.X\program.asm
                    start   0x000001    program     static C:\Users\dougl\Desktop\PIC16F873A\bcd_displayer.X\program.asm



                              Symbols - Sorted by Address
                     Name    Address   Location    Storage File                     
                ---------  ---------  ---------  --------- ---------                
                    start   0x000001    program     static C:\Users\dougl\Desktop\PIC16F873A\bcd_displayer.X\program.asm
                     init   0x000009    program     static C:\Users\dougl\Desktop\PIC16F873A\bcd_displayer.X\program.asm
                     hund   0x000010    program     static C:\Users\dougl\Desktop\PIC16F873A\bcd_displayer.X\program.asm
                      doz   0x000018    program     static C:\Users\dougl\Desktop\PIC16F873A\bcd_displayer.X\program.asm
                 delay1ms   0x00002c    program     static C:\Users\dougl\Desktop\PIC16F873A\bcd_displayer.X\program.asm
                   del1ms   0x00002e    program     static C:\Users\dougl\Desktop\PIC16F873A\bcd_displayer.X\program.asm
                 delay5ms   0x000036    program     static C:\Users\dougl\Desktop\PIC16F873A\bcd_displayer.X\program.asm
                  delay1s   0x00003c    program     static C:\Users\dougl\Desktop\PIC16F873A\bcd_displayer.X\program.asm
                    del1s   0x00003e    program     static C:\Users\dougl\Desktop\PIC16F873A\bcd_displayer.X\program.asm
                  delay2s   0x000043    program     static C:\Users\dougl\Desktop\PIC16F873A\bcd_displayer.X\program.asm


