Microchip MPLAB XC8 Compiler V2.10 ()

Linker command line:

-W-3 --edf=C:\Program Files (x86)\Microchip\xc8\v2.10\pic\dat\en_msgs.txt \
  -cs -h+dist/default/debug\c_bcd_display.X.debug.sym \
  --cmf=dist/default/debug\c_bcd_display.X.debug.cmf -z -Q16F873A \
  -oC:\Users\dougl\AppData\Local\Temp\s8b4.2 --defsym=__MPLAB_BUILD=1 \
  -Mdist/default/debug/c_bcd_display.X.debug.map -E1 -ver=XC8 --acfsm=1493 \
  -ASTACK=0A0h-0FDh -pstack=STACK -ACODE=00h-07FFhx2 -ASTRCODE=00h-0FFFh \
  -ASTRING=00h-0FFhx16 -ACONST=00h-0FFhx16 -AENTRY=00h-0FFhx16 \
  -ABANK0=020h-07Dh -ABANK1=0A0h-0FDh -ARAM=020h-07Dh,0A0h-0FDh \
  -AABS1=020h-07Fh,0A0h-0FFh -ACOMMON=07Eh-07Fh -ASFR0=00h-01Fh \
  -ASFR1=080h-09Fh -ASFR2=0100h-017Dh -ASFR3=0180h-01FDh \
  -preset_vec=00h,intentry,init,end_init -ppowerup=CODE -pcinit=CODE \
  -pfunctab=ENTRY -ACONFIG=02007h-02007h -pconfig=CONFIG -DCONFIG=2 \
  -AIDLOC=02000h-02003h -pidloc=IDLOC -DIDLOC=2 -AEEDATA=00h-07Fh/02100h \
  -peeprom_data=EEDATA -DEEDATA=2 -DCODE=2 -DSTRCODE=2 -DSTRING=2 -DCONST=2 \
  -DENTRY=2 -k C:\Users\dougl\AppData\Local\Temp\s8b4.o \
  dist/default/debug\c_bcd_display.X.debug.o 

Object code version is 3.11

Machine type is 16F873A



                Name                               Link     Load   Length Selector   Space Scale
C:\Users\dougl\AppData\Local\Temp\s8b4.o
                end_init                              0        0        2        0       0
                config                             2007     2007        1     400E       0
dist/default/debug\c_bcd_display.X.debug.o
                cinit                               7FD      7FD        3      FFA       0
                text4                               728      728       69      E50       0
                text3                               6CD      6CD       5B      D9A       0
                text2                               68F      68F       11      D1E       0
                text1                               6A0      6A0       2D      D40       0
                maintext                            791      791       6C      F22       0
                cstackBANK0                          20       20       10       20       1

TOTAL           Name                               Link     Load   Length     Space
        CLASS   STACK          

        CLASS   CODE           
                end_init                              0        0        2         0
                cinit                               7FD      7FD        3         0
                text4                               728      728       69         0
                text3                               6CD      6CD       5B         0
                text2                               68F      68F       11         0
                text1                               6A0      6A0       2D         0
                maintext                            791      791       6C         0

        CLASS   STRCODE        

        CLASS   STRING         

        CLASS   CONST          

        CLASS   ENTRY          

        CLASS   BANK0          
                cstackBANK0                          20       20       10         1

        CLASS   BANK1          

        CLASS   RAM            

        CLASS   ABS1           
                abs_s1                               7E       7E        2         1

        CLASS   COMMON         

        CLASS   SFR0           

        CLASS   SFR1           

        CLASS   SFR2           

        CLASS   SFR3           

        CLASS   CONFIG         
                config                             2007     2007        1         0

        CLASS   IDLOC          

        CLASS   EEDATA         

        CLASS   BANK3          

        CLASS   BANK2          



SEGMENTS        Name                           Load    Length   Top    Selector   Space  Class     Delta

                reset_vec                      000000  000002  000002         0       0  CODE        2
                cstackBANK0                    000020  000010  000030        20       1  BANK0       1
                text2                          00068F  000011  0006A0       D1E       0  CODE        2
                text1                          0006A0  00002D  0006CD       D40       0  CODE        2
                text3                          0006CD  00005B  000728       D9A       0  CODE        2
                text4                          000728  000069  000791       E50       0  CODE        2
                maintext                       000791  00006C  0007FD       F22       0  CODE        2
                cinit                          0007FD  000003  000800       FFA       0  CODE        2
                config                         002007  000001  002008      400E       0  CONFIG      2


UNUSED ADDRESS RANGES

        Name                Unused          Largest block    Delta
        BANK0            0030-007D             4E           1
        BANK1            00A0-00FD             5E           1
        CODE             0002-068E            68D           2
                         0800-0FFF            800
        CONST            0002-068E            100           2
                         0800-0FFF            100
        EEDATA           2100-217F             80           2
        ENTRY            0002-068E            100           2
                         0800-0FFF            100
        IDLOC            2000-2003              4           2
        RAM              0030-007D             4E           1
                         00A0-00FD             5E
        SFR0             0000-001F             20           1
        SFR1             0080-009F             20           1
        SFR2             0100-017D             7E           1
        SFR3             0180-01FD             7E           1
        STACK            00A0-00FD             5E           1
        STRCODE          0002-068E            68D           2
                         0800-0FFF            800
        STRING           0002-068E            100           2
                         0800-0FFF            100

                                  Symbol Table

?___awdiv                cstackBANK0  0020
?___awmod                cstackBANK0  0020
_ADCON1                  (abs)        009F
_PORTA                   (abs)        0005
_PORTB                   (abs)        0006
_TRISA                   (abs)        0085
_TRISB                   (abs)        0086
__CFG_BOREN$OFF          (abs)        0000
__CFG_CP$OFF             (abs)        0000
__CFG_CPD$OFF            (abs)        0000
__CFG_FOSC$HS            (abs)        0000
__CFG_LVP$ON             (abs)        0000
__CFG_PWRTE$OFF          (abs)        0000
__CFG_WDTE$OFF           (abs)        0000
__CFG_WRT$OFF            (abs)        0000
__Habs1                  abs1         0000
__Hbank0                 bank0        0000
__Hbank1                 bank1        0000
__Hbank2                 bank2        0000
__Hbank3                 bank3        0000
__Hcinit                 cinit        0800
__Hclrtext               clrtext      0000
__Hcode                  code         0000
__Hcommon                common       0000
__Hconfig                config       2008
__HcstackBANK0           cstackBANK0  0000
__HcstackCOMMON          cstackCOMMON 0000
__Heeprom_data           eeprom_data  0000
__Hend_init              end_init     0002
__Hfunctab               functab      0000
__Hidloc                 idloc        0000
__Hinit                  init         0000
__Hintentry              intentry     0000
__Hmaintext              maintext     0000
__Hpowerup               powerup      0000
__Hram                   ram          0000
__Hreset_vec             reset_vec    0000
__Hsfr0                  sfr0         0000
__Hsfr1                  sfr1         0000
__Hsfr2                  sfr2         0000
__Hsfr3                  sfr3         0000
__Hspace_0               (abs)        2008
__Hspace_1               (abs)        0030
__Hspace_2               (abs)        0000
__Hspace_3               (abs)        0000
__Hstack                 stack        0000
__Hstrings               strings      0000
__Htext                  text         0000
__Labs1                  abs1         0000
__Lbank0                 bank0        0000
__Lbank1                 bank1        0000
__Lbank2                 bank2        0000
__Lbank3                 bank3        0000
__Lcinit                 cinit        07FD
__Lclrtext               clrtext      0000
__Lcode                  code         0000
__Lcommon                common       0000
__Lconfig                config       2007
__LcstackBANK0           cstackBANK0  0000
__LcstackCOMMON          cstackCOMMON 0000
__Leeprom_data           eeprom_data  0000
__Lend_init              end_init     0000
__Lfunctab               functab      0000
__Lidloc                 idloc        0000
__Linit                  init         0000
__Lintentry              intentry     0000
__Lmaintext              maintext     0000
__Lpowerup               powerup      0000
__Lram                   ram          0000
__Lreset_vec             reset_vec    0000
__Lsfr0                  sfr0         0000
__Lsfr1                  sfr1         0000
__Lsfr2                  sfr2         0000
__Lsfr3                  sfr3         0000
__Lspace_0               (abs)        0000
__Lspace_1               (abs)        0000
__Lspace_2               (abs)        0000
__Lspace_3               (abs)        0000
__Lstack                 stack        0000
__Lstrings               strings      0000
__Ltext                  text         0000
__S0                     (abs)        2008
__S1                     (abs)        0030
__S2                     (abs)        0000
__S3                     (abs)        0000
___awdiv                 text4        0728
___awdiv@counter         cstackBANK0  0025
___awdiv@dividend        cstackBANK0  0022
___awdiv@divisor         cstackBANK0  0020
___awdiv@quotient        cstackBANK0  0027
___awdiv@sign            cstackBANK0  0026
___awmod                 text3        06CD
___awmod@counter         cstackBANK0  0025
___awmod@dividend        cstackBANK0  0022
___awmod@divisor         cstackBANK0  0020
___awmod@sign            cstackBANK0  0026
___int_sp                stack        0000
___latbits               (abs)        0001
___sp                    stack        0000
___stackhi               (abs)        0000
___stacklo               (abs)        0000
__end_of___awdiv         text4        0791
__end_of___awmod         text3        0728
__end_of__initialization cinit        07FD
__end_of_main            maintext     07FD
__end_of_showOutput      text1        06CD
__end_of_showPortA       text2        06A0
__initialization         cinit        07FD
__pcstackBANK0           cstackBANK0  0020
__pcstackCOMMON          cstackCOMMON 0000
__pmaintext              maintext     0791
__ptext1                 text1        06A0
__ptext2                 text2        068F
__ptext3                 text3        06CD
__ptext4                 text4        0728
__size_of___awdiv        (abs)        0000
__size_of___awmod        (abs)        0000
__size_of_main           (abs)        0000
__size_of_showOutput     (abs)        0000
__size_of_showPortA      (abs)        0000
_main                    maintext     0791
_showOutput              text1        06A0
_showPortA               text2        068F
btemp                    (abs)        007E
end_of_initialization    cinit        07FD
intlevel0                functab      0000
intlevel1                functab      0000
intlevel2                functab      0000
intlevel3                functab      0000
intlevel4                functab      0000
intlevel5                functab      0000
main@hundred             cstackBANK0  002C
main@input               cstackBANK0  002F
main@ten                 cstackBANK0  002D
main@unit                cstackBANK0  002E
reset_vec                reset_vec    0000
showOutput@hundred       cstackBANK0  0025
showOutput@i             cstackBANK0  0026
showOutput@ten           cstackBANK0  0023
showOutput@unit          cstackBANK0  0024
showPortA@value          cstackBANK0  0022
start                    init         0000
start_initialization     cinit        07FD
wtemp0                   (abs)        007E


FUNCTION INFORMATION:

 *************** function _main *****************
 Defined at:
		line 49 in file "program.c"
 Parameters:    Size  Location     Type
		None
 Auto vars:     Size  Location     Type
  input           1   15[BANK0 ] unsigned char 
  unit            1   14[BANK0 ] unsigned char 
  ten             1   13[BANK0 ] unsigned char 
  hundred         1   12[BANK0 ] unsigned char 
 Return value:  Size  Location     Type
                  1    wreg      void 
 Registers used:
		wreg, status,2, status,0, btemp+1, pclath, cstack
 Tracked objects:
		On entry : 
		On exit  : 
		Unchanged: 
 Data sizes:     COMMON   BANK0   BANK1
      Params:         0       0       0
      Locals:         0       4       0
      Temps:          0       3       0
      Totals:         0       7       0
Total ram usage:        7 bytes
 Hardware stack levels required when called:    2
 This function calls:
		___awdiv
		___awmod
		_showOutput
 This function is called by:
		Startup code after reset
 This function uses a non-reentrant model


 *************** function _showOutput *****************
 Defined at:
		line 37 in file "program.c"
 Parameters:    Size  Location     Type
  hundred         1    wreg     unsigned char 
  ten             1    3[BANK0 ] unsigned char 
  unit            1    4[BANK0 ] unsigned char 
 Auto vars:     Size  Location     Type
  hundred         1    5[BANK0 ] unsigned char 
  i               2    6[BANK0 ] int 
 Return value:  Size  Location     Type
                  1    wreg      void 
 Registers used:
		wreg, status,2, status,0, btemp+1, pclath, cstack
 Tracked objects:
		On entry : 
		On exit  : 
		Unchanged: 
 Data sizes:     COMMON   BANK0   BANK1
      Params:         0       2       0
      Locals:         0       3       0
      Temps:          0       0       0
      Totals:         0       5       0
Total ram usage:        5 bytes
 Hardware stack levels used:    1
 Hardware stack levels required when called:    1
 This function calls:
		_showPortA
 This function is called by:
		_main
 This function uses a non-reentrant model


 *************** function _showPortA *****************
 Defined at:
		line 30 in file "program.c"
 Parameters:    Size  Location     Type
  value           1    wreg     unsigned char 
 Auto vars:     Size  Location     Type
  value           1    2[BANK0 ] unsigned char 
 Return value:  Size  Location     Type
                  1    wreg      void 
 Registers used:
		wreg
 Tracked objects:
		On entry : 
		On exit  : 
		Unchanged: 
 Data sizes:     COMMON   BANK0   BANK1
      Params:         0       0       0
      Locals:         0       1       0
      Temps:          0       2       0
      Totals:         0       3       0
Total ram usage:        3 bytes
 Hardware stack levels used:    1
 This function calls:
		Nothing
 This function is called by:
		_showOutput
 This function uses a non-reentrant model


 *************** function ___awmod *****************
 Defined at:
		line 5 in file "C:\Program Files (x86)\Microchip\xc8\v2.10\pic\sources\c90\common\awmod.c"
 Parameters:    Size  Location     Type
  divisor         2    0[BANK0 ] int 
  dividend        2    2[BANK0 ] int 
 Auto vars:     Size  Location     Type
  sign            1    6[BANK0 ] unsigned char 
  counter         1    5[BANK0 ] unsigned char 
 Return value:  Size  Location     Type
                  2    0[BANK0 ] int 
 Registers used:
		wreg, status,2, status,0
 Tracked objects:
		On entry : 
		On exit  : 
		Unchanged: 
 Data sizes:     COMMON   BANK0   BANK1
      Params:         0       4       0
      Locals:         0       2       0
      Temps:          0       1       0
      Totals:         0       7       0
Total ram usage:        7 bytes
 Hardware stack levels used:    1
 This function calls:
		Nothing
 This function is called by:
		_main
 This function uses a non-reentrant model


 *************** function ___awdiv *****************
 Defined at:
		line 5 in file "C:\Program Files (x86)\Microchip\xc8\v2.10\pic\sources\c90\common\awdiv.c"
 Parameters:    Size  Location     Type
  divisor         2    0[BANK0 ] int 
  dividend        2    2[BANK0 ] int 
 Auto vars:     Size  Location     Type
  quotient        2    7[BANK0 ] int 
  sign            1    6[BANK0 ] unsigned char 
  counter         1    5[BANK0 ] unsigned char 
 Return value:  Size  Location     Type
                  2    0[BANK0 ] int 
 Registers used:
		wreg, status,2, status,0
 Tracked objects:
		On entry : 
		On exit  : 
		Unchanged: 
 Data sizes:     COMMON   BANK0   BANK1
      Params:         0       4       0
      Locals:         0       4       0
      Temps:          0       1       0
      Totals:         0       9       0
Total ram usage:        9 bytes
 Hardware stack levels used:    1
 This function calls:
		Nothing
 This function is called by:
		_main
 This function uses a non-reentrant model



MODULE INFORMATION

Module		Function		Class		Link	Load	Size
C:\Program Files (x86)\Microchip\xc8\v2.10\pic\sources\c90\common\awdiv.c
		___awdiv       		CODE           	0728	0000	106

C:\Program Files (x86)\Microchip\xc8\v2.10\pic\sources\c90\common\awdiv.c estimated size: 106

program.c
		_showOutput    		CODE           	06A0	0000	46
		_main          		CODE           	0791	0000	109
		_showPortA     		CODE           	068F	0000	18

program.c estimated size: 173

shared
		__initialization		CODE           	07FD	0000	1

shared estimated size: 1

C:\Program Files (x86)\Microchip\xc8\v2.10\pic\sources\c90\common\awmod.c
		___awmod       		CODE           	06CD	0000	92

C:\Program Files (x86)\Microchip\xc8\v2.10\pic\sources\c90\common\awmod.c estimated size: 92

